[    0.000000] Initializing cgroup subsys cpuset
[    0.000000] Initializing cgroup subsys cpu
[    0.000000] Initializing cgroup subsys cpuacct
[    0.000000] Linux version 4.4.0-157-generic (buildd@lgw01-amd64-037) (gcc version 5.4.0 20160609 (Ubuntu 5.4.0-6ubuntu1~16.04.10) ) #185-Ubuntu SMP Tue Jul 23 09:17:01 UTC 2019 (Ubuntu 4.4.0-157.185-generic 4.4.181)
[    0.000000] Command line: BOOT_IMAGE=/boot/vmlinuz-4.4.0-157-generic root=LABEL=cloudimg-rootfs ro console=tty1 console=ttyS0
[    0.000000] KERNEL supported cpus:
[    0.000000]   Intel GenuineIntel
[    0.000000]   AMD AuthenticAMD
[    0.000000]   Centaur CentaurHauls
[    0.000000] x86/fpu: xstate_offset[2]:  576, xstate_sizes[2]:  256
[    0.000000] x86/fpu: Supporting XSAVE feature 0x01: 'x87 floating point registers'
[    0.000000] x86/fpu: Supporting XSAVE feature 0x02: 'SSE registers'
[    0.000000] x86/fpu: Supporting XSAVE feature 0x04: 'AVX registers'
[    0.000000] x86/fpu: Enabled xstate features 0x7, context size is 832 bytes, using 'standard' format.
[    0.000000] e820: BIOS-provided physical RAM map:
[    0.000000] BIOS-e820: [mem 0x0000000000000000-0x000000000009fbff] usable
[    0.000000] BIOS-e820: [mem 0x000000000009fc00-0x000000000009ffff] reserved
[    0.000000] BIOS-e820: [mem 0x00000000000f0000-0x00000000000fffff] reserved
[    0.000000] BIOS-e820: [mem 0x0000000000100000-0x000000003ffeffff] usable
[    0.000000] BIOS-e820: [mem 0x000000003fff0000-0x000000003fffffff] ACPI data
[    0.000000] BIOS-e820: [mem 0x00000000fec00000-0x00000000fec00fff] reserved
[    0.000000] BIOS-e820: [mem 0x00000000fee00000-0x00000000fee00fff] reserved
[    0.000000] BIOS-e820: [mem 0x00000000fffc0000-0x00000000ffffffff] reserved
[    0.000000] NX (Execute Disable) protection: active
[    0.000000] SMBIOS 2.5 present.
[    0.000000] Hypervisor detected: KVM
[    0.000000] Kernel/User page tables isolation: disabled
[    0.000000] e820: last_pfn = 0x3fff0 max_arch_pfn = 0x400000000
[    0.000000] MTRR: Disabled
[    0.000000] x86/PAT: MTRRs disabled, skipping PAT initialization too.
[    0.000000] CPU MTRRs all blank - virtualized system.
[    0.000000] x86/PAT: Configuration [0-7]: WB  WT  UC- UC  WB  WT  UC- UC  
[    0.000000] found SMP MP-table at [mem 0x0009fff0-0x0009ffff] mapped at [ffff88000009fff0]
[    0.000000] Scanning 1 areas for low memory corruption
[    0.000000] RAMDISK: [mem 0x362fc000-0x37175fff]
[    0.000000] ACPI: Early table checksum verification disabled
[    0.000000] ACPI: RSDP 0x00000000000E0000 000024 (v02 VBOX  )
[    0.000000] ACPI: XSDT 0x000000003FFF0030 00003C (v01 VBOX   VBOXXSDT 00000001 ASL  00000061)
[    0.000000] ACPI: FACP 0x000000003FFF00F0 0000F4 (v04 VBOX   VBOXFACP 00000001 ASL  00000061)
[    0.000000] ACPI: DSDT 0x000000003FFF0470 0022EA (v02 VBOX   VBOXBIOS 00000002 INTL 20100528)
[    0.000000] ACPI: FACS 0x000000003FFF0200 000040
[    0.000000] ACPI: FACS 0x000000003FFF0200 000040
[    0.000000] ACPI: APIC 0x000000003FFF0240 00005C (v02 VBOX   VBOXAPIC 00000001 ASL  00000061)
[    0.000000] ACPI: SSDT 0x000000003FFF02A0 0001CC (v01 VBOX   VBOXCPUT 00000002 INTL 20100528)
[    0.000000] No NUMA configuration found
[    0.000000] Faking a node at [mem 0x0000000000000000-0x000000003ffeffff]
[    0.000000] NODE_DATA(0) allocated [mem 0x3ffeb000-0x3ffeffff]
[    0.000000] kvm-clock: Using msrs 4b564d01 and 4b564d00
[    0.000000] kvm-clock: cpu 0, msr 0:3ffe3001, primary cpu clock
[    0.000000] kvm-clock: using sched offset of 3305386797 cycles
[    0.000000] clocksource: kvm-clock: mask: 0xffffffffffffffff max_cycles: 0x1cd42e4dffb, max_idle_ns: 881590591483 ns
[    0.000000] Zone ranges:
[    0.000000]   DMA      [mem 0x0000000000001000-0x0000000000ffffff]
[    0.000000]   DMA32    [mem 0x0000000001000000-0x000000003ffeffff]
[    0.000000]   Normal   empty
[    0.000000]   Device   empty
[    0.000000] Movable zone start for each node
[    0.000000] Early memory node ranges
[    0.000000]   node   0: [mem 0x0000000000001000-0x000000000009efff]
[    0.000000]   node   0: [mem 0x0000000000100000-0x000000003ffeffff]
[    0.000000] Initmem setup node 0 [mem 0x0000000000001000-0x000000003ffeffff]
[    0.000000] ACPI: PM-Timer IO Port: 0x4008
[    0.000000] IOAPIC[0]: apic_id 2, version 32, address 0xfec00000, GSI 0-23
[    0.000000] ACPI: INT_SRC_OVR (bus 0 bus_irq 0 global_irq 2 dfl dfl)
[    0.000000] ACPI: INT_SRC_OVR (bus 0 bus_irq 9 global_irq 9 low level)
[    0.000000] Using ACPI (MADT) for SMP configuration information
[    0.000000] smpboot: Allowing 2 CPUs, 0 hotplug CPUs
[    0.000000] PM: Registered nosave memory: [mem 0x00000000-0x00000fff]
[    0.000000] PM: Registered nosave memory: [mem 0x0009f000-0x0009ffff]
[    0.000000] PM: Registered nosave memory: [mem 0x000a0000-0x000effff]
[    0.000000] PM: Registered nosave memory: [mem 0x000f0000-0x000fffff]
[    0.000000] e820: [mem 0x40000000-0xfebfffff] available for PCI devices
[    0.000000] Booting paravirtualized kernel on KVM
[    0.000000] clocksource: refined-jiffies: mask: 0xffffffff max_cycles: 0xffffffff, max_idle_ns: 7645519600211568 ns
[    0.000000] setup_percpu: NR_CPUS:512 nr_cpumask_bits:512 nr_cpu_ids:2 nr_node_ids:1
[    0.000000] PERCPU: Embedded 34 pages/cpu @ffff88003fc00000 s99544 r8192 d31528 u1048576
[    0.000000] Built 1 zonelists in Node order, mobility grouping on.  Total pages: 257912
[    0.000000] Policy zone: DMA32
[    0.000000] Kernel command line: BOOT_IMAGE=/boot/vmlinuz-4.4.0-157-generic root=LABEL=cloudimg-rootfs ro console=tty1 console=ttyS0
[    0.000000] PID hash table entries: 4096 (order: 3, 32768 bytes)
[    0.000000] Memory: 997736K/1048120K available (8618K kernel code, 1335K rwdata, 4032K rodata, 1484K init, 1284K bss, 50384K reserved, 0K cma-reserved)
[    0.000000] SLUB: HWalign=64, Order=0-3, MinObjects=0, CPUs=2, Nodes=1
[    0.000000] Hierarchical RCU implementation.
[    0.000000] 	Build-time adjustment of leaf fanout to 64.
[    0.000000] 	RCU restricting CPUs from NR_CPUS=512 to nr_cpu_ids=2.
[    0.000000] RCU: Adjusting geometry for rcu_fanout_leaf=64, nr_cpu_ids=2
[    0.000000] NR_IRQS:33024 nr_irqs:440 16
[    0.000000] Console: colour VGA+ 80x25
[    0.000000] console [tty1] enabled
[    0.000000] console [ttyS0] enabled
[    0.000000] tsc: Detected 1992.004 MHz processor
[    0.144203] Calibrating delay loop (skipped) preset value.. 3984.00 BogoMIPS (lpj=7968016)
[    0.146228] pid_max: default: 32768 minimum: 301
[    0.147539] ACPI: Core revision 20150930
[    0.149783] ACPI: 2 ACPI AML tables successfully acquired and loaded
[    0.151143] Security Framework initialized
[    0.152026] Yama: becoming mindful.
[    0.152824] AppArmor: AppArmor initialized
[    0.153780] Dentry cache hash table entries: 131072 (order: 8, 1048576 bytes)
[    0.155087] Inode-cache hash table entries: 65536 (order: 7, 524288 bytes)
[    0.157934] Mount-cache hash table entries: 2048 (order: 2, 16384 bytes)
[    0.159079] Mountpoint-cache hash table entries: 2048 (order: 2, 16384 bytes)
[    0.160443] Initializing cgroup subsys io
[    0.161219] Initializing cgroup subsys memory
[    0.162044] Initializing cgroup subsys devices
[    0.162875] Initializing cgroup subsys freezer
[    0.163974] Initializing cgroup subsys net_cls
[    0.164849] Initializing cgroup subsys perf_event
[    0.165708] Initializing cgroup subsys net_prio
[    0.166648] Initializing cgroup subsys hugetlb
[    0.167670] Initializing cgroup subsys pids
[    0.170038] mce: CPU supports 0 MCE banks
[    0.170830] Last level iTLB entries: 4KB 64, 2MB 8, 4MB 8
[    0.171806] Last level dTLB entries: 4KB 64, 2MB 0, 4MB 0, 1GB 4
[    0.172816] Spectre V2 : Mitigation: Full generic retpoline
[    0.173778] Spectre V2 : Spectre v2 / SpectreRSB mitigation: Filling RSB on context switch
[    0.175300] Speculative Store Bypass: Vulnerable
[    0.176368] MDS: Mitigation: Clear CPU buffers
[    0.179984] Freeing SMP alternatives memory: 36K
[    0.186054] ftrace: allocating 32312 entries in 127 pages
[    0.237476] smpboot: APIC(0) Converting physical 0 to logical package 0
[    0.238670] smpboot: Max logical packages: 1
[    0.239802] x2apic enabled
[    0.240760] Switched APIC routing to physical x2apic.
[    0.242895] ..TIMER: vector=0x30 apic1=0 pin1=2 apic2=-1 pin2=-1
[    0.352285] APIC calibration not consistent with PM-Timer: 98ms instead of 100ms
[    0.353703] APIC delta adjusted to PM-Timer: 6246613 (6165205)
[    0.354853] smpboot: CPU0: Intel(R) Core(TM) i7-8565U CPU @ 1.80GHz (family: 0x6, model: 0x8e, stepping: 0xb)
[    0.356955] Performance Events: unsupported p6 CPU model 142 no PMU driver, software events only.
[    0.365445] KVM setup paravirtual spinlock
[    0.366759] x86: Booting SMP configuration:
[    0.367667] .... node  #0, CPUs:      #1
[    0.368659] kvm-clock: cpu 1, msr 0:3ffe3041, secondary cpu clock
[    0.371055] mce: CPU supports 0 MCE banks
[    0.373543] x86: Booted up 1 node, 2 CPUs
[    0.374622] smpboot: Total of 2 processors activated (7968.01 BogoMIPS)
[    0.376332] devtmpfs: initialized
[    0.378289] evm: security.selinux
[    0.379021] evm: security.SMACK64
[    0.380060] evm: security.SMACK64EXEC
[    0.380993] evm: security.SMACK64TRANSMUTE
[    0.381827] evm: security.SMACK64MMAP
[    0.382603] evm: security.ima
[    0.383242] evm: security.capability
[    0.384301] clocksource: jiffies: mask: 0xffffffff max_cycles: 0xffffffff, max_idle_ns: 7645041785100000 ns
[    0.386074] futex hash table entries: 512 (order: 3, 32768 bytes)
[    0.387313] pinctrl core: initialized pinctrl subsystem
[    0.388349] RTC time: 23:21:48, date: 07/30/19
[    0.390034] NET: Registered protocol family 16
[    0.400252] cpuidle: using governor ladder
[    0.412840] cpuidle: using governor menu
[    0.415258] PCCT header not found.
[    0.417786] ACPI: bus type PCI registered
[    0.419625] acpiphp: ACPI Hot Plug PCI Controller Driver version: 0.5
[    0.422284] PCI: Using configuration type 1 for base access
[    0.437879] ACPI: Added _OSI(Module Device)
[    0.439561] ACPI: Added _OSI(Processor Device)
[    0.441365] ACPI: Added _OSI(3.0 _SCP Extensions)
[    0.443407] ACPI: Added _OSI(Processor Aggregator Device)
[    0.446009] ACPI: Executed 1 blocks of module-level executable AML code
[    0.450976] ACPI: Interpreter enabled
[    0.452112] ACPI: (supports S0 S5)
[    0.453089] ACPI: Using IOAPIC for interrupt routing
[    0.454478] PCI: Using host bridge windows from ACPI; if necessary, use "pci=nocrs" and report a bug
[    0.460188] ACPI: PCI Root Bridge [PCI0] (domain 0000 [bus 00-ff])
[    0.461460] acpi PNP0A03:00: _OSC: OS supports [ASPM ClockPM Segments MSI]
[    0.463103] acpi PNP0A03:00: _OSC: not requesting OS control; OS requires [ExtendedConfig ASPM ClockPM MSI]
[    0.465168] acpi PNP0A03:00: fail to add MMCONFIG information, can't access extended PCI configuration space under this bridge.
[    0.467616] PCI host bridge to bus 0000:00
[    0.468459] pci_bus 0000:00: root bus resource [io  0x0000-0x0cf7 window]
[    0.469590] pci_bus 0000:00: root bus resource [io  0x0d00-0xffff window]
[    0.470803] pci_bus 0000:00: root bus resource [mem 0x000a0000-0x000bffff window]
[    0.472266] pci_bus 0000:00: root bus resource [mem 0x40000000-0xfdffffff window]
[    0.473688] pci_bus 0000:00: root bus resource [bus 00-ff]
[    0.476078] pci 0000:00:01.1: legacy IDE quirk: reg 0x10: [io  0x01f0-0x01f7]
[    0.477295] pci 0000:00:01.1: legacy IDE quirk: reg 0x14: [io  0x03f6]
[    0.478447] pci 0000:00:01.1: legacy IDE quirk: reg 0x18: [io  0x0170-0x0177]
[    0.490214] pci 0000:00:01.1: legacy IDE quirk: reg 0x1c: [io  0x0376]
[    0.501164] pci 0000:00:07.0: quirk: [io  0x4000-0x403f] claimed by PIIX4 ACPI
[    0.502685] pci 0000:00:07.0: quirk: [io  0x4100-0x410f] claimed by PIIX4 SMB
[    0.509268] ACPI: PCI Interrupt Link [LNKA] (IRQs 5 9 10 *11)
[    0.511109] ACPI: PCI Interrupt Link [LNKB] (IRQs 5 9 *10 11)
[    0.512626] ACPI: PCI Interrupt Link [LNKC] (IRQs 5 *9 10 11)
[    0.514413] ACPI: PCI Interrupt Link [LNKD] (IRQs 5 9 10 *11)
[    0.515956] ACPI: Enabled 2 GPEs in block 00 to 07
[    0.517117] vgaarb: setting as boot device: PCI:0000:00:02.0
[    0.518131] vgaarb: device added: PCI:0000:00:02.0,decodes=io+mem,owns=io+mem,locks=none
[    0.519653] vgaarb: loaded
[    0.520330] vgaarb: bridge control possible 0000:00:02.0
[    0.521487] SCSI subsystem initialized
[    0.522339] ACPI: bus type USB registered
[    0.523177] usbcore: registered new interface driver usbfs
[    0.524356] usbcore: registered new interface driver hub
[    0.525277] usbcore: registered new device driver usb
[    0.526477] PCI: Using ACPI for IRQ routing
[    0.527585] NetLabel: Initializing
[    0.528287] NetLabel:  domain hash size = 128
[    0.529107] NetLabel:  protocols = UNLABELED CIPSOv4
[    0.530238] NetLabel:  unlabeled traffic allowed by default
[    0.531653] amd_nb: Cannot enumerate AMD northbridges
[    0.532659] clocksource: Switched to clocksource kvm-clock
[    0.538429] AppArmor: AppArmor Filesystem Enabled
[    0.539329] pnp: PnP ACPI init
[    0.540755] pnp: PnP ACPI: found 3 devices
[    0.550291] clocksource: acpi_pm: mask: 0xffffff max_cycles: 0xffffff, max_idle_ns: 2085701024 ns
[    0.551864] NET: Registered protocol family 2
[    0.552797] TCP established hash table entries: 8192 (order: 4, 65536 bytes)
[    0.554009] TCP bind hash table entries: 8192 (order: 5, 131072 bytes)
[    0.555094] TCP: Hash tables configured (established 8192 bind 8192)
[    0.556694] UDP hash table entries: 512 (order: 2, 16384 bytes)
[    0.557802] UDP-Lite hash table entries: 512 (order: 2, 16384 bytes)
[    0.558865] NET: Registered protocol family 1
[    0.559697] pci 0000:00:00.0: Limiting direct PCI/PCI transfers
[    0.561231] pci 0000:00:01.0: Activating ISA DMA hang workarounds
[    0.562489] Unpacking initramfs...
[    0.714705] Freeing initrd memory: 14824K
[    0.715773] clocksource: tsc: mask: 0xffffffffffffffff max_cycles: 0x396d59a56c3, max_idle_ns: 881590573781 ns
[    0.717616] platform rtc_cmos: registered platform RTC device (no PNP device found)
[    0.719146] Scanning for low memory corruption every 60 seconds
[    0.720541] audit: initializing netlink subsys (disabled)
[    0.721605] audit: type=2000 audit(1564528913.314:1): initialized
[    0.722860] Initialise system trusted keyring
[    0.723880] HugeTLB registered 2 MB page size, pre-allocated 0 pages
[    0.725953] zbud: loaded
[    0.726861] VFS: Disk quotas dquot_6.6.0
[    0.727685] VFS: Dquot-cache hash table entries: 512 (order 0, 4096 bytes)
[    0.729030] squashfs: version 4.0 (2009/01/31) Phillip Lougher
[    0.730478] fuse init (API version 7.23)
[    0.731476] Key type big_key registered
[    0.732287] Allocating IMA MOK and blacklist keyrings.
[    0.735445] Key type asymmetric registered
[    0.736431] Asymmetric key parser 'x509' registered
[    0.737549] Block layer SCSI generic (bsg) driver version 0.4 loaded (major 249)
[    0.739117] io scheduler noop registered
[    0.739878] io scheduler deadline registered (default)
[    0.740876] io scheduler cfq registered
[    0.741733] pci_hotplug: PCI Hot Plug PCI Core version: 0.5
[    0.742698] pciehp: PCI Express Hot Plug Controller Driver version: 0.4
[    0.743903] ACPI: AC Adapter [AC] (on-line)
[    0.744779] input: Power Button as /devices/LNXSYSTM:00/LNXPWRBN:00/input/input0
[    0.746315] ACPI: Power Button [PWRF]
[    0.747359] input: Sleep Button as /devices/LNXSYSTM:00/LNXSLPBN:00/input/input1
[    0.748760] ACPI: Sleep Button [SLPF]
[    0.749748] GHES: HEST is not enabled!
[    0.750402] ACPI: Battery Slot [BAT0] (battery present)
[    0.751865] Serial: 8250/16550 driver, 32 ports, IRQ sharing enabled
[    0.773418] 00:02: ttyS0 at I/O 0x3f8 (irq = 4, base_baud = 115200) is a 16550A
[    0.777275] Linux agpgart interface v0.103
[    0.779367] loop: module loaded
[    0.780595] scsi host0: ata_piix
[    0.781446] scsi host1: ata_piix
[    0.782102] ata1: PATA max UDMA/33 cmd 0x1f0 ctl 0x3f6 bmdma 0xd000 irq 14
[    0.783158] ata2: PATA max UDMA/33 cmd 0x170 ctl 0x376 bmdma 0xd008 irq 15
[    0.784305] libphy: Fixed MDIO Bus: probed
[    0.785203] tun: Universal TUN/TAP device driver, 1.6
[    0.786031] tun: (C) 1999-2004 Max Krasnyansky <maxk@qualcomm.com>
[    0.787057] PPP generic driver version 2.4.2
[    0.787883] ehci_hcd: USB 2.0 'Enhanced' Host Controller (EHCI) Driver
[    0.788960] ehci-pci: EHCI PCI platform driver
[    0.789846] ehci-platform: EHCI generic platform driver
[    0.790760] ohci_hcd: USB 1.1 'Open' Host Controller (OHCI) Driver
[    0.791727] ohci-pci: OHCI PCI platform driver
[    0.792536] ohci-platform: OHCI generic platform driver
[    0.793467] uhci_hcd: USB Universal Host Controller Interface driver
[    0.794488] i8042: PNP: PS/2 Controller [PNP0303:PS2K,PNP0f03:PS2M] at 0x60,0x64 irq 1,12
[    0.796346] serio: i8042 KBD port at 0x60,0x64 irq 1
[    0.797417] serio: i8042 AUX port at 0x60,0x64 irq 12
[    0.798430] mousedev: PS/2 mouse device common for all mice
[    0.799643] input: AT Translated Set 2 keyboard as /devices/platform/i8042/serio0/input/input2
[    0.801500] rtc_cmos rtc_cmos: rtc core: registered rtc_cmos as rtc0
[    0.802573] rtc_cmos rtc_cmos: alarms up to one day, 114 bytes nvram
[    0.803596] i2c /dev entries driver
[    0.804284] device-mapper: uevent: version 1.0.3
[    0.805195] device-mapper: ioctl: 4.34.0-ioctl (2015-10-28) initialised: dm-devel@redhat.com
[    0.806650] ledtrig-cpu: registered to indicate activity on CPUs
[    0.807928] NET: Registered protocol family 10
[    0.808900] NET: Registered protocol family 17
[    0.809698] Key type dns_resolver registered
[    0.810769] registered taskstats version 1
[    0.811513] Loading compiled-in X.509 certificates
[    0.812692] Loaded X.509 cert 'Build time autogenerated kernel key: 3e01e6df98386236d59670e6b2ed19a044d5324e'
[    0.814752] zswap: loaded using pool lzo/zbud
[    0.816543] Key type trusted registered
[    0.819164] Key type encrypted registered
[    0.819891] AppArmor: AppArmor sha1 policy hashing enabled
[    0.820814] ima: No TPM chip found, activating TPM-bypass!
[    0.821799] ima: Allocated hash algorithm: sha1
[    0.822574] evm: HMAC attrs: 0x1
[    0.823449]   Magic number: 11:525:404
[    0.824198] rtc_cmos rtc_cmos: setting system clock to 2019-07-30 23:21:49 UTC (1564528909)
[    0.825801] BIOS EDD facility v0.16 2004-Jun-25, 0 devices found
[    0.826780] EDD information not available.
[    0.942905] Freeing unused kernel memory: 1484K
[    0.944181] Write protecting the kernel read-only data: 14336k
[    0.946274] Freeing unused kernel memory: 1612K
[    0.947878] Freeing unused kernel memory: 64K
Loading, please wait...
starting version 229
[    0.962558] random: systemd-udevd: uninitialized urandom read (16 bytes read, 1 bits of entropy available)
[    0.963106] random: udevadm: uninitialized urandom read (16 bytes read, 1 bits of entropy available)
[    0.963127] random: udevadm: uninitialized urandom read (16 bytes read, 1 bits of entropy available)
[    0.970484] random: systemd-udevd: uninitialized urandom read (16 bytes read, 1 bits of entropy available)
[    0.971081] random: udevadm: uninitialized urandom read (16 bytes read, 1 bits of entropy available)
[    0.971119] random: udevadm: uninitialized urandom read (16 bytes read, 1 bits of entropy available)
[    0.971249] random: udevadm: uninitialized urandom read (16 bytes read, 1 bits of entropy available)
[    0.971297] random: udevadm: uninitialized urandom read (16 bytes read, 1 bits of entropy available)
[    0.971343] random: udevadm: uninitialized urandom read (16 bytes read, 1 bits of entropy available)
[    0.971389] random: udevadm: uninitialized urandom read (16 bytes read, 1 bits of entropy available)
[    1.006089] e1000: Intel(R) PRO/1000 Network Driver - version 7.3.21-k8-NAPI
[    1.007359] e1000: Copyright (c) 1999-2006 Intel Corporation.
[    1.010304] Fusion MPT base driver 3.04.20
[    1.011183] Copyright (c) 1999-2008 LSI Corporation
[    1.015756] Fusion MPT SPI Host driver 3.04.20
[    1.023433] AVX2 version of gcm_enc/dec engaged.
[    1.024360] AES CTR mode by8 optimization enabled
[    1.213833] input: ImExPS/2 Generic Explorer Mouse as /devices/platform/i8042/serio1/input/input4
[    1.377429] e1000 0000:00:03.0 eth0: (PCI:33MHz:32-bit) 02:c2:66:bb:16:6d
[    1.378608] e1000 0000:00:03.0 eth0: Intel(R) PRO/1000 Network Connection
[    1.380505] mptbase: ioc0: Initiating bringup
[    1.444936] ioc0: LSI53C1030 A0: Capabilities={Initiator}
[    1.613254] scsi host2: ioc0: LSI53C1030 A0, FwRev=00000000h, Ports=1, MaxQ=256, IRQ=20
[    1.738885] scsi 2:0:0:0: Direct-Access     VBOX     HARDDISK         1.0  PQ: 0 ANSI: 5
[    1.743983] scsi target2:0:0: Beginning Domain Validation
[    1.751764] scsi target2:0:0: Domain Validation skipping write tests
[    1.755741] scsi target2:0:0: Ending Domain Validation
[    1.758836] scsi target2:0:0: asynchronous
[    1.762286] scsi 2:0:1:0: Direct-Access     VBOX     HARDDISK         1.0  PQ: 0 ANSI: 5
[    1.765910] scsi target2:0:1: Beginning Domain Validation
[    1.771135] scsi target2:0:1: Domain Validation skipping write tests
[    1.773016] scsi target2:0:1: Ending Domain Validation
[    1.774717] scsi target2:0:1: asynchronous
[    1.805336] sd 2:0:0:0: Attached scsi generic sg0 type 0
[    1.806780] sd 2:0:1:0: Attached scsi generic sg1 type 0
[    1.808051] sd 2:0:1:0: [sdb] 20480 512-byte logical blocks: (10.5 MB/10.0 MiB)
[    1.809920] sd 2:0:0:0: [sda] 20971520 512-byte logical blocks: (10.7 GB/10.0 GiB)
[    1.811815] sd 2:0:1:0: [sdb] Write Protect is off
[    1.812860] sd 2:0:0:0: [sda] Write Protect is off
[    1.814302] sd 2:0:0:0: [sda] Incomplete mode parameter data
[    1.815430] sd 2:0:0:0: [sda] Assuming drive cache: write through
[    1.816606] sd 2:0:1:0: [sdb] Incomplete mode parameter data
[    1.817844] sd 2:0:1:0: [sdb] Assuming drive cache: write through
[    1.824754]  sda: sda1
[    1.826918] sd 2:0:0:0: [sda] Attached SCSI disk
[    1.828385] sd 2:0:1:0: [sdb] Attached SCSI disk
[    2.097376] e1000 0000:00:08.0 eth1: (PCI:33MHz:32-bit) 08:00:27:fc:47:d3
[    2.098610] e1000 0000:00:08.0 eth1: Intel(R) PRO/1000 Network Connection
[    2.100686] e1000 0000:00:03.0 enp0s3: renamed from eth0
[    2.112807] e1000 0000:00:08.0 enp0s8: renamed from eth1
Begin: Loading essential drivers ... [    3.520122] md: linear personality registered for level -1
[    3.522931] md: multipath personality registered for level -4
[    3.526269] md: raid0 personality registered for level 0
[    3.529755] md: raid1 personality registered for level 1
[    3.601476] raid6: sse2x1   gen() 14129 MB/s
[    3.668867] raid6: sse2x1   xor() 10227 MB/s
[    3.737161] raid6: sse2x2   gen() 17297 MB/s
[    3.805474] raid6: sse2x2   xor() 11963 MB/s
[    3.872808] raid6: sse2x4   gen() 15316 MB/s
[    3.941086] raid6: sse2x4   xor() 12311 MB/s
[    4.009453] raid6: avx2x1   gen() 26290 MB/s
[    4.076791] raid6: avx2x2   gen() 30252 MB/s
[    4.145153] raid6: avx2x4   gen() 32921 MB/s
[    4.146111] raid6: using algorithm avx2x4 gen() 32921 MB/s
[    4.147200] raid6: using avx2x2 recovery algorithm
[    4.149527] xor: automatically using best checksumming function:
[    4.188700]    avx       : 32359.000 MB/sec
[    4.190569] async_tx: api initialized (async)
[    4.198560] md: raid6 personality registered for level 6
[    4.200054] md: raid5 personality registered for level 5
[    4.201011] md: raid4 personality registered for level 4
[    4.206234] md: raid10 personality registered for level 10
done.
Begin: Running /scripts/init-premount ... done.
Begin: Mounting root file system ... Begin: Running /scripts/local-top ... done.
Begin: Running /scripts/local-premount ... [    4.232278] Btrfs loaded
Scanning for Btrfs filesystems
done.
Warning: fsck not present, so skipping root file system
[    4.264234] EXT4-fs (sda1): mounted filesystem with ordered data mode. Opts: (null)
done.
Begin: Running /scripts/local-bottom ... done.
Begin: Running /scripts/init-bottom ... done.
[    4.359689] systemd[1]: systemd 229 running in system mode. (+PAM +AUDIT +SELINUX +IMA +APPARMOR +SMACK +SYSVINIT +UTMP +LIBCRYPTSETUP +GCRYPT +GNUTLS +ACL +XZ -LZ4 +SECCOMP +BLKID +ELFUTILS +KMOD -IDN)
[    4.362962] systemd[1]: Detected virtualization oracle.
[    4.363908] systemd[1]: Detected architecture x86-64.

Welcome to [1mUbuntu 16.04.6 LTS[0m!

[    4.369301] systemd[1]: Set hostname to <hcnp_test_node>.
[    4.463851] systemd[1]: Listening on Journal Audit Socket.
[[0;32m  OK  [0m] Listening on Journal Audit Socket.
[    4.473050] systemd[1]: Listening on Syslog Socket.
[[0;32m  OK  [0m] Listening on Syslog Socket.
[    4.475281] systemd[1]: Reached target Encrypted Volumes.
[[0;32m  OK  [0m] Reached target Encrypted Volumes.
[    4.477018] systemd[1]: Listening on Journal Socket (/dev/log).
[[0;32m  OK  [0m] Listening on Journal Socket (/dev/log).
[    4.478840] systemd[1]: Reached target Swap.
[[0;32m  OK  [0m] Reached target Swap.
[    4.480323] systemd[1]: Started Forward Password Requests to Wall Directory Watch.
[[0;32m  OK  [0m] Started Forward Password Requests to Wall Directory Watch.
[    4.482639] systemd[1]: Reached target User and Group Name Lookups.
[[0;32m  OK  [0m] Reached target User and Group Name Lookups.
[    4.484598] systemd[1]: Set up automount Arbitrary Executable File Formats File System Automount Point.
[[0;32m  OK  [0m] Set up automount Arbitrary Executab...ats File System Automount Point.
[    4.487629] systemd[1]: Listening on Device-mapper event daemon FIFOs.
[[0;32m  OK  [0m] Listening on Device-mapper event daemon FIFOs.
[    4.489556] systemd[1]: Listening on /dev/initctl Compatibility Named Pipe.
[[0;32m  OK  [0m] Listening on /dev/initctl Compatibility Named Pipe.
[    4.491771] systemd[1]: Created slice System Slice.
[[0;32m  OK  [0m] Created slice System Slice.
[    4.500903] systemd[1]: Listening on LVM2 metadata daemon socket.
[[0;32m  OK  [0m] Listening on LVM2 metadata daemon socket.
[    4.502880] systemd[1]: Listening on udev Kernel Socket.
[[0;32m  OK  [0m] Listening on udev Kernel Socket.
[    4.504534] systemd[1]: Listening on udev Control Socket.
[[0;32m  OK  [0m] Listening on udev Control Socket.
[    4.506279] systemd[1]: Listening on LVM2 poll daemon socket.
[[0;32m  OK  [0m] Listening on LVM2 poll daemon socket.
[    4.508377] systemd[1]: Started Trigger resolvconf update for networkd DNS.
[[0;32m  OK  [0m] Started Trigger resolvconf update for networkd DNS.
[    4.510699] systemd[1]: Created slice system-serial\x2dgetty.slice.
[[0;32m  OK  [0m] Created slice system-serial\x2dgetty.slice.
[    4.512573] systemd[1]: Created slice User and Session Slice.
[[0;32m  OK  [0m] Created slice User and Session Slice.
[    4.514536] systemd[1]: Listening on Journal Socket.
[[0;32m  OK  [0m] Listening on Journal Socket.
[    4.529572] systemd[1]: Starting Load Kernel Modules...
         Starting Load Kernel Modules...
[    4.537186] Loading iSCSI transport class v2.0-870.
[    4.537623] systemd[1]: Starting Create list of required static device nodes for the current kernel...
         Starting Create list of required st... nodes for the current kernel...
[    4.545830] iscsi: registered transport (tcp)
[    4.549624] systemd[1]: Mounting Debug File System...
         Mounting Debug File System...
[    4.560015] systemd[1]: Starting Nameserver information manager...
         Starting Nameserver information manager...
[    4.562877] systemd[1]: Starting Monitoring of LVM2 mirrors, snapshots etc. using dmeventd or progress polling...
         Starting Monitoring of LVM2 mirrors... dmeventd or progress polling...
[    4.566073] systemd[1]: Starting Journal Service...
         Starting Journal Service...
[    4.573462] systemd[1]: Mounting Huge Pages File System...
         Mounting Huge Pages File System...
[    4.576345] systemd[1]: Starting Set console keymap...
         Starting Set console keymap...
[    4.581624] systemd[1]: Reached target Slices.
[[0;32m  OK  [0m] Reached target Slices.
[    4.584176] systemd[1]: Reached target System Time Synchronized.
[[0;32m  OK  [0m] Reached target System Time Synchronized.
[    4.586784] systemd[1]: Starting Uncomplicated firewall...
         Starting Uncomplicated firewall...
[    4.588927] systemd[1]: Starting Remount Root and Kernel File Systems...
         Starting Remount Root and Kernel File Systems...
[    4.591580] EXT4-fs (sda1): re-mounted. Opts: (null)
[    4.591767] systemd[1]: Mounting POSIX Message Queue File System...
         Mounting POSIX Message Queue File System...
[    4.595398] systemd[1]: Mounted Huge Pages File System.
[[0;32m  OK  [0m] Mounted Huge Pages File System.
[    4.597037] systemd[1]: Mounted Debug File System.
[[0;32m  OK  [0m] Mounted Debug File System.
[    4.598920] systemd[1]: Mounted POSIX Message Queue File System.
[[0;32m  OK  [0m] Mounted POSIX Message Queue File System.
[    4.600975] systemd[1]: Started Create list of required static device nodes for the current kernel.
[[0;32m  OK  [0m] Started Create list of required sta...ce nodes for the current kernel.
[    4.609529] iscsi: registered transport (iser)
[    4.613487] systemd[1]: Started Load Kernel Modules.
[[0;32m  OK  [0m] Started Load Kernel Modules.
[    4.621355] systemd[1]: Started Uncomplicated firewall.
[[0;32m  OK  [0m] Started Uncomplicated firewall.
[    4.629533] systemd[1]: Started Remount Root and Kernel File Systems.
[[0;32m  OK  [0m] Started Remount Root and Kernel File Systems.
[    4.637832] systemd[1]: Started Nameserver information manager.
[[0;32m  OK  [0m] Started Nameserver information manager.
[    4.640733] systemd[1]: Started Journal Service.
[[0;32m  OK  [0m] Started Journal Service.
[[0;32m  OK  [0m] Started Set console keymap.
[[0;32m  OK  [0m] Started LVM2 metadata daemon.
         Starting Load/Save Random Seed...
         Starting udev Coldplug all Devices...
         Starting Flush Journal to Persistent Storage...
         Mounting FUSE Control File System...
         Starting Apply Kernel Variables...
         Starting Create Static Device Nodes in /dev...
[[0;32m  OK  [0m] Mounted FUSE Control File System.
[[0;32m  OK  [0m] Started Load/Save Random Seed.
[[0;32m  OK  [0m] Started Apply Kernel Variables.
[[0;32m  OK  [0m] Started Create Static Device Nodes in /dev.
[[0;32m  OK  [0m] Started udev Coldplug all Devices.
[[0;32m  OK  [0m] Started Flush Journal to Persistent Storage.
         Starting udev Kernel Device Manager...
[[0;32m  OK  [0m] Started udev Kernel Device Manager.
[[0;32m  OK  [0m] Started Dispatch Password Requests to Console Directory Watch.
[[0;32m  OK  [0m] Found device /dev/ttyS0.
[[0;32m  OK  [0m] Listening on Load/Save RF Kill Switch Status /dev/rfkill Watch.
[[0;32m  OK  [0m] Found device 82540EM Gigabit Ethern...r (PRO/1000 MT Desktop Adapter).
[[0;32m  OK  [0m] Found device 82540EM Gigabit Ethern...r (PRO/1000 MT Desktop Adapter).
[[0;32m  OK  [0m] Started Monitoring of LVM2 mirrors,...ng dmeventd or progress polling.
[[0;32m  OK  [0m] Reached target Local File Systems (Pre).
[[0;32m  OK  [0m] Reached target Local File Systems.
         Starting LSB: AppArmor initialization...
         Starting Tell Plymouth To Write Out Runtime Data...
         Starting Create Volatile Files and Directories...
         Starting Initial cloud-init job (pre-networking)...
         Starting Set console font and keymap...
[[0;32m  OK  [0m] Started Tell Plymouth To Write Out Runtime Data.
[[0;32m  OK  [0m] Started Create Volatile Files and Directories.
         Starting Update UTMP about System Boot/Shutdown...
[[0;32m  OK  [0m] Started Update UTMP about System Boot/Shutdown.
[[0;32m  OK  [0m] Started LSB: AppArmor initialization.
[[0;32m  OK  [0m] Started Set console font and keymap.
[[0;32m  OK  [0m] Created slice system-getty.slice.
[    6.083050] cloud-init[655]: Cloud-init v. 19.1-1-gbaa47854-0ubuntu1~16.04.1 running 'init-local' at Tue, 30 Jul 2019 23:21:54 +0000. Up 5.83 seconds.
[[0;32m  OK  [0m] Started Initial cloud-init job (pre-networking).
[[0;32m  OK  [0m] Reached target Network (Pre).
         Starting Raise network interfaces...
[[0;32m  OK  [0m] Started ifup for enp0s8.
[[0;32m  OK  [0m] Started ifup for enp0s3.
[[0;32m  OK  [0m] Started Raise network interfaces.
         Starting Initial cloud-init job (metadata service crawler)...
[[0;32m  OK  [0m] Reached target Network.
[    7.759720] cloud-init[1117]: Cloud-init v. 19.1-1-gbaa47854-0ubuntu1~16.04.1 running 'init' at Tue, 30 Jul 2019 23:21:56 +0000. Up 7.47 seconds.
[    7.761088] cloud-init[1117]: ci-info: ++++++++++++++++++++++++++++++++++++++Net device info+++++++++++++++++++++++++++++++++++++++
[    7.768834] cloud-init[1117]: ci-info: +--------+------+-----------------------------+---------------+--------+-------------------+
[    7.776613] cloud-init[1117]: ci-info: | Device |  Up  |           Address           |      Mask     | Scope  |     Hw-Address    |
[    7.785397] cloud-init[1117]: ci-info: +--------+------+-----------------------------+---------------+--------+-------------------+
[    7.786513] cloud-init[1117]: ci-info: | enp0s3 | True |          10.0.2.15          | 255.255.255.0 | global | 02:c2:66:bb:16:6d |
[    7.792244] cloud-init[1117]: ci-info: | enp0s3 | True |  fe80::c2:66ff:febb:166d/64 |       .       |  link  | 02:c2:66:bb:16:6d |
[    7.793575] cloud-init[1117]: ci-info: | enp0s8 | True |          10.1.5.188         |  255.255.0.0  | global | 08:00:27:fc:47:d3 |
[    7.800868] cloud-init[1117]: ci-info: | enp0s8 | True | fe80::a00:27ff:fefc:47d3/64 |       .       |  link  | 08:00:27:fc:47:d3 |
[    7.801071] cloud-init[1117]: ci-info: |   lo   | True |          127.0.0.1          |   255.0.0.0   |  host  |         .         |
[    7.801349] cloud-init[1117]: ci-info: |   lo   | True |           ::1/128           |       .       |  host  |         .         |
[[0;32m  OK  [0m] Started Initial cloud-init job (metadata service crawler).
[    7.801493] cloud-init[1117]: ci-info: +--------+------+-----------------------------+---------------+--------+-------------------+
[    7.812314] cloud-init[1117]: ci-info: +++++++++++++++++++++++++++Route IPv4 info++++++++++++++++++++++++++++
[    7.812544] cloud-init[1117]: ci-info: +-------+-------------+----------+---------------+-----------+-------+
[[0;32m  OK  [0m] Reached target System Initialization.
[[    7.812593] [0;32m  OK  [0mcloud-init] [1117]: Listening on ACPID Listen Socket.ci-info: | Route | Destination | Gateway  |    Genmask    | Interface | Flags |

[    7.816152] cloud-init[1117]: ci-info: +-------+-------------+----------+---------------+-----------+-------+
[    7.817349] cloud-init[1117]: ci-info: |   0   |   0.0.0.0   | 10.0.2.2 |    0.0.0.0    |   enp0s3  |   UG  |
[    7.818550] cloud-init[1117]: ci-info: |   1   |   10.0.2.0  | 0.0.0.0  | 255.255.255.0 |   enp0s3  |   U   |
[    7.819623] cloud-init[1117]: ci-info: |   2   |   10.1.0.0  | 0.0.0.0  |  255.255.0.0  |   enp0s8  |   U   |
[    7.820863] cloud-init[1117]: ci-info: +-------+-------------+----------+---------------+-----------+-------+
[    7.822124] cloud-init[1117]: ci-info: +++++++++++++++++++Route IPv6 info+++++++++++++++++++
[    7.822308] cloud-init[1117]: ci-info: +-------+-------------+---------+-----------+-------+
[    7.822538] cloud-init[1117]: ci-info: | Route | Destination | Gateway | Interface | Flags |
[    7.822860] cloud-init[1117]: ci-info: +-------+-------------+---------+-----------+-------+
[    7.823071] cloud-init[1117]: ci-info: |   0   |  fe80::/64  |    ::   |   enp0s8  |   U   |
[    7.823286] cloud-init[1117]: ci-info: |   1   |  fe80::/64  |    ::   |   enp0s3  |   U   |
[    7.823503] cloud-init[1117]: ci-info: |   5   |   ff00::/8  |    ::   |   enp0s8  |   U   |
[    7.823827] cloud-init[1117]: ci-info: |   6   |   ff00::/8  |    ::   |   enp0s3  |   U   |
[    7.824161] cloud-init[1117]: ci-info: +-------+-------------+---------+-----------+-------+
[[0;32m  OK  [0m] Started ACPI Events Check.
[[0;32m  OK  [0m] Reached target Paths.
[[0;32m  OK  [0m] Listening on UUID daemon activation socket.
         Starting LXD - unix socket.
[[0;32m  OK  [0m] Started Daily apt download activities.
[[0;32m  OK  [0m] Started Daily apt upgrade and clean activities.
[[0;32m  OK  [0m] Listening on D-Bus System Message Bus Socket.
[[0;32m  OK  [0m] Started Daily Cleanup of Temporary Directories.
[[0;32m  OK  [0m] Reached target Timers.
         Starting Socket activation for snappy daemon.
[[0;32m  OK  [0m] Reached target Cloud-config availability.
[[0;32m  OK  [0m] Reached target Network is Online.
         Starting iSCSI initiator daemon (iscsid)...
[[0;32m  OK  [0m] Listening on LXD - unix socket.
[[0;32m  OK  [0m] Listening on Socket activation for snappy daemon.
[[0;32m  OK  [0m] Started iSCSI initiator daemon (iscsid).
         Starting Login to default iSCSI targets...
[[0;32m  OK  [0m] Reached target Sockets.
[[0;32m  OK  [0m] Reached target Basic System.
         Starting Accounts Service...
         Starting /etc/rc.local Compatibility...
         Starting System Logging Service...
         Starting Login Service...
         Starting LSB: MD monitoring daemon...
[[0;32m  OK  [0m] Started Deferred execution scheduler.
         Starting Snappy daemon...
         Starting OpenBSD Secure Shell server...
         Starting Consul agent...
[[0;32m  OK  [0m] Started ACPI event daemon.
[[0;32m  OK  [0m] Started Regular background program processing daemon.
[[0;32m  OK  [0m] Started D-Bus System Message Bus.
         Starting Virtualbox guest utils...
[[0;32m  OK  [0m] Started FUSE filesystem for LXC.
         Starting LSB: Record successful boot for GRUB...
         Starting LXD - container startup/shutdown...
[[0;32m  OK  [0m] Started System Logging Service.
[[0;32m  OK  [0m] Started /etc/rc.local Compatibility.
[[0;32m  OK  [0m] Started OpenBSD Secure Shell server.
[[0;32m  OK  [0m] Started Consul agent.
[[0;32m  OK  [0m] Started Login to default iSCSI targets.
[[0;32m  OK  [0m] Started LSB: MD monitoring daemon.
[[0;32m  OK  [0m] Started LSB: Record successful boot for GRUB.
[[0;32m  OK  [0m] Started Login Service.
[[0;32m  OK  [0m] Started Unattended Upgrades Shutdown.
         Starting Authenticate and Authorize Users to Run Privileged Tasks...
[[0;32m  OK  [0m] Reached target Remote File Systems (Pre).
[[0;32m  OK  [0m] Reached target Remote File Systems.
         Starting LSB: Set the CPU Frequency Scaling governor to "ondemand"...
         Starting LSB: automatic crash report generation...
         Starting LSB: daemon to balance interrupts for SMP systems...
         Starting Permit User Sessions...
[[0;32m  OK  [0m] Started Permit User Sessions.
[[0;32m  OK  [0m] Started LXD - container startup/shutdown.
[[0;32m  OK  [0m] Started LSB: Set the CPU Frequency Scaling governor to "ondemand".
         Starting Terminate Plymouth Boot Screen...
         Starting Hold until boot process finishes up...
[[0;32m  OK  [0m] Started Hold until boot process finishes up.
[[0;32m  OK  [0m] Started Authenticate and Authorize Users to Run Privileged Tasks.
[[0;32m  OK  [0m] Started Getty on tty1.
[[0;32m  OK  [0m] Started Serial Getty on ttyS0.
[[0;32m  OK  [0m] Reached target Login Prompts.
         Starting Set console scheme...
[[0;32m  OK  [0m] Started LSB: daemon to balance interrupts for SMP systems.
[[0;32m  OK  [0m] Started Terminate Plymouth Boot Screen.
[[0;32m  OK  [0m] Started Set console scheme.
[[0;32m  OK  [0m] Started Accounts Service.
[[0;32m  OK  [0m] Started Virtualbox guest utils.
[[0;32m  OK  [0m] Started LSB: automatic crash report generation.
[[0;32m  OK  [0m] Started Snappy daemon.
         Starting Wait until snapd is fully seeded...
[[0;32m  OK  [0m] Started Wait until snapd is fully seeded.
         Starting Apply the settings specified in cloud-config...
[[0;32m  OK  [0m] Reached target Multi-User System.
[[0;32m  OK  [0m] Reached target Graphical Interface.
         Starting Update UTMP about System Runlevel Changes...
[[0;32m  OK  [0m] Started Update UTMP about System Runlevel Changes.
[    8.847077] cloud-init[1386]: Cloud-init v. 19.1-1-gbaa47854-0ubuntu1~16.04.1 running 'modules:config' at Tue, 30 Jul 2019 23:21:57 +0000. Up 8.72 seconds.
[[0;32m  OK  [0m] Started Apply the settings specified in cloud-config.
         Starting Execute cloud user/final scripts...
[    9.288756] cloud-init[1405]: Cloud-init v. 19.1-1-gbaa47854-0ubuntu1~16.04.1 running 'modules:final' at Tue, 30 Jul 2019 23:21:58 +0000. Up 9.18 seconds.
[    9.290222] cloud-init[1405]: Cloud-init v. 19.1-1-gbaa47854-0ubuntu1~16.04.1 finished at Tue, 30 Jul 2019 23:21:58 +0000. Datasource DataSourceNoCloud [seed=/dev/sdb][dsmode=net].  Up 9.28 seconds
[[0;32m  OK  [0m] Started Execute cloud user/final scripts.
[[0;32m  OK  [0m] Reached target Cloud-init target.

Ubuntu 16.04.6 LTS hcnp_test_node ttyS0

hcnp_test_node login: 